0 verbose cli D:\Applications\workSum\nodejs\node.exe D:\Applications\workSum\nodejs\node_modules\npm\bin\npm-cli.js
1 info using npm@10.2.3
2 info using node@v18.19.0
3 timing npm:load:whichnode Completed in 2ms
4 timing config:load:defaults Completed in 2ms
5 timing config:load:file:D:\Applications\workSum\nodejs\node_modules\npm\npmrc Completed in 3ms
6 timing config:load:builtin Completed in 3ms
7 timing config:load:cli Completed in 2ms
8 timing config:load:env Completed in 0ms
9 timing config:load:file:E:\keshe\ai-mood-diary\frontend\.npmrc Completed in 1ms
10 timing config:load:project Completed in 2ms
11 timing config:load:file:C:\Users\35393\.npmrc Completed in 0ms
12 timing config:load:user Completed in 0ms
13 timing config:load:file:e:\keshe\.npm-global\etc\npmrc Completed in 0ms
14 timing config:load:global Completed in 0ms
15 timing config:load:setEnvs Completed in 1ms
16 timing config:load Completed in 11ms
17 timing npm:load:configload Completed in 11ms
18 timing config:load:flatten Completed in 3ms
19 timing npm:load:mkdirpcache Completed in 0ms
20 timing npm:load:mkdirplogs Completed in 1ms
21 verbose title npm exec kill-port 5173 5174
22 verbose argv "exec" "--yes" "--" "kill-port" "5173" "5174"
23 timing npm:load:setTitle Completed in 1ms
24 timing npm:load:display Completed in 0ms
25 verbose logfile logs-max:10 dir:e:\keshe\.npm-cache\_logs\2026-06-26T07_58_29_116Z-
26 verbose logfile e:\keshe\.npm-cache\_logs\2026-06-26T07_58_29_116Z-debug-0.log
27 timing npm:load:logFile Completed in 19ms
28 timing npm:load:timers Completed in 0ms
29 timing npm:load:configScope Completed in 1ms
30 timing npm:load Completed in 68ms
31 silly logfile done cleaning log files
32 timing arborist:ctor Completed in 1ms
33 verbose shrinkwrap failed to load node_modules/.package-lock.json out of date, updated: node_modules
34 http fetch GET 200 https://registry.npmjs.org/kill-port 893ms (cache miss)
35 timing arborist:ctor Completed in 0ms
36 timing command:exec Completed in 1053ms
37 verbose stack Error: ENOENT: no such file or directory, lstat 'e:\keshe\.npm-global'
38 verbose cwd E:\keshe\ai-mood-diary\frontend
39 verbose Windows_NT 10.0.26200
40 verbose node v18.19.0
41 verbose npm  v10.2.3
42 error code ENOENT
43 error syscall lstat
44 error path e:\keshe\.npm-global
45 error errno -4058
46 error enoent ENOENT: no such file or directory, lstat 'e:\keshe\.npm-global'
47 error enoent This is related to npm not being able to find a file.
47 error enoent
48 verbose exit -4058
49 timing npm Completed in 1837ms
50 verbose code -4058
51 error A complete log of this run can be found in: e:\keshe\.npm-cache\_logs\2026-06-26T07_58_29_116Z-debug-0.log
